
> dramatized-fiction@1.0.0 dev
> next dev

   ▲ Next.js 14.1.0
   - Local:        http://localhost:3000
   - Environments: .env

 ✓ Ready in 26.8s
 ○ Compiling /api/auth/register ...
 ✓ Compiled /api/auth/register in 3.7s (55 modules)
 ○ Compiling /api/auth/login ...
 ✓ Compiled /api/auth/login in 1174ms (57 modules)
 ○ Compiling /api/auth/validate ...
 ✓ Compiled /api/auth/validate in 609ms (59 modules)
 ○ Compiling /api/auth/me ...
 ✓ Compiled /api/auth/me in 995ms (61 modules)
 ○ Compiling /middleware ...
 ✓ Compiled /middleware in 3.3s (65 modules)
 ○ Compiling /writer-studio ...
 ✓ Compiled /writer-studio in 22.7s (580 modules)
 ○ Compiling /api/auth/logout ...
 ✓ Compiled /api/auth/logout in 5s (313 modules)
[?25h
